2026-04-08 22:09:27,489 - INFO - Application started.
2026-04-08 22:09:27,508 - INFO - Starting the experiment...
2026-04-08 22:09:27,518 - INFO - Starting replication 1/10
2026-04-08 22:09:35,119 - INFO - Starting replication 2/10
2026-04-08 22:09:36,989 - INFO - Starting replication 3/10
2026-04-08 22:09:37,076 - INFO - Starting replication 4/10
2026-04-08 22:09:37,251 - INFO - Starting replication 5/10
2026-04-08 22:09:37,294 - INFO - Starting replication 6/10
2026-04-08 22:09:37,348 - INFO - Starting replication 7/10
2026-04-08 22:09:37,391 - INFO - Starting replication 8/10
2026-04-08 22:09:37,446 - INFO - Starting replication 9/10
2026-04-08 22:09:37,504 - INFO - Starting replication 10/10
2026-04-08 22:09:37,562 - INFO - Experiment completed successfully.
2026-04-08 22:09:37,563 - INFO - Generating plots for the experiment results...
2026-04-08 22:14:07,026 - INFO - Plots generated successfully.
2026-04-08 22:14:07,026 - INFO - Application finished successfully.
2026-04-08 22:45:15,333 - INFO - Application started.
2026-04-08 22:45:43,557 - INFO - Application started.
2026-04-08 22:45:43,573 - INFO - Starting the experiment...
2026-04-08 22:45:43,585 - INFO - Starting replication 1/10
2026-04-08 22:46:31,717 - INFO - Application started.
2026-04-08 22:46:31,736 - INFO - Starting the experiment...
2026-04-08 22:46:31,747 - INFO - Starting replication 1/10
2026-04-08 22:52:21,700 - INFO - Application started.
2026-04-08 22:52:21,715 - INFO - Starting the experiment...
2026-04-08 22:52:21,725 - INFO - Starting replication 1/5
2026-04-08 22:56:09,442 - INFO - Application started.
2026-04-08 22:56:09,457 - INFO - Starting the experiment...
2026-04-08 22:56:09,467 - INFO - Starting replication 1/5
2026-04-08 22:59:11,849 - INFO - Application started.
2026-04-08 22:59:11,863 - INFO - Starting the experiment...
2026-04-08 22:59:11,874 - INFO - Starting replication 1/1
2026-04-08 22:59:58,831 - INFO - Experiment completed successfully.
2026-04-08 22:59:58,832 - INFO - Generating plots for the experiment results...
2026-04-08 23:00:46,703 - INFO - Plots generated successfully.
2026-04-08 23:00:46,703 - INFO - Application finished successfully.
2026-04-08 23:01:48,879 - INFO - Application started.
2026-04-08 23:01:48,895 - INFO - Starting the experiment...
2026-04-08 23:01:48,907 - INFO - Starting replication 1/5
2026-04-08 23:02:35,704 - INFO - Starting replication 2/5
2026-04-08 23:03:17,712 - INFO - Starting replication 3/5
2026-04-08 23:04:02,671 - INFO - Starting replication 4/5
2026-04-08 23:04:50,006 - INFO - Starting replication 5/5
2026-04-08 23:05:34,301 - INFO - Experiment completed successfully.
2026-04-08 23:05:34,301 - INFO - Generating plots for the experiment results...
2026-04-08 23:05:48,874 - INFO - Plots generated successfully.
2026-04-08 23:05:48,874 - INFO - Application finished successfully.
2026-04-08 23:07:39,354 - INFO - Application started.
2026-04-08 23:07:39,370 - INFO - Starting the experiment...
2026-04-08 23:07:39,381 - INFO - Starting replication 1/50
2026-04-08 23:08:28,436 - INFO - Starting replication 2/50
2026-04-08 23:09:10,676 - INFO - Starting replication 3/50
2026-04-08 23:09:57,526 - INFO - Starting replication 4/50
2026-04-08 23:10:36,407 - INFO - Starting replication 5/50
2026-04-09 06:47:22,117 - INFO - Application started.
2026-04-09 06:47:22,147 - INFO - Starting the experiment...
2026-04-09 06:47:22,160 - INFO - Starting replication 1/20
2026-04-09 06:48:45,229 - INFO - Starting replication 2/20
2026-04-09 06:49:45,770 - INFO - Starting replication 3/20
2026-04-09 06:51:02,300 - INFO - Starting replication 4/20
2026-04-09 06:52:00,951 - INFO - Starting replication 5/20
2026-04-09 06:52:55,458 - INFO - Starting replication 6/20
2026-04-09 06:53:42,871 - INFO - Starting replication 7/20
2026-04-09 06:54:27,622 - INFO - Starting replication 8/20
2026-04-09 06:55:29,620 - INFO - Starting replication 9/20
2026-04-09 06:56:15,059 - INFO - Starting replication 10/20
2026-04-09 06:57:12,692 - INFO - Starting replication 11/20
2026-04-09 06:58:02,639 - INFO - Starting replication 12/20
2026-04-09 06:58:52,118 - INFO - Starting replication 13/20
2026-04-09 06:59:40,905 - INFO - Starting replication 14/20
2026-04-09 07:00:33,341 - INFO - Starting replication 15/20
2026-04-09 07:01:31,605 - INFO - Starting replication 16/20
2026-04-09 07:02:22,750 - INFO - Starting replication 17/20
2026-04-09 07:03:22,965 - INFO - Starting replication 18/20
2026-04-09 07:04:15,782 - INFO - Starting replication 19/20
2026-04-09 07:05:11,196 - INFO - Starting replication 20/20
2026-04-09 07:06:06,264 - INFO - Experiment completed successfully.
2026-04-09 07:06:06,264 - INFO - Generating plots for the experiment results...
2026-04-09 07:17:18,675 - INFO - Plots generated successfully.
2026-04-09 07:17:18,675 - INFO - Application finished successfully.
